// Jest Snapshot v1, https://goo.gl/fbAQLP

exports[`Header Component Header matches the snapshot 1`] = `
<header
  className="bcgov-header"
>
  <nav
    aria-label="Header"
    className="container-fluid navbar navbar-expand-lg navbar-dark"
  >
    <div
      aria-labelledby="title"
      className="navbar-brand bcgov-pointer"
    />
    <img
      alt="B.C. Government Logo"
      className="img-fluid d-none d-md-block bcgov-pointer"
      height="44"
      onClick={[Function]}
      onKeyDown={[Function]}
      src="undefined/images/bcid-logo-rev-en.svg"
      width={181}
    />
    <img
      alt="B.C. Government Logo"
      className="img-fluid d-md-none bcgov-pointer"
      height="44"
      onClick={[Function]}
      onKeyDown={[Function]}
      src="undefined/images/bcid-symbol-rev.svg"
      width={64}
    />
    <div
      aria-labelledby="title"
      className="bcgov-pointer navbar-brand nav-item nav-link"
    />
    <div
      className="navbar-brand"
      id="title"
    >
      File Submission
    </div>
  </nav>
</header>
`;

exports[`Header Component HeaderImage matches the snapshot 1`] = `
<img
  alt="B.C. Government Logo"
  className="img-fluid d-none d-md-block"
  height="44"
  onClick={[Function]}
  onKeyDown={[Function]}
  src="bcid-logo-rev-en.svg"
  width={181}
/>
`;

exports[`Header Component HeadingTitle matches the snapshot 1`] = `
<div
  aria-labelledby="title"
  className="navbar-brand bcgov-pointer"
/>
`;
