// Jest Snapshot v1, https://goo.gl/fbAQLP

exports[`DatePick Component Matches the snapshot 1`] = `
Array [
  "",
  <div
    className="bcgov-flex"
  >
    <svg
      className="bcgov-move-right"
      fill="currentColor"
      height={32}
      stroke="currentColor"
      strokeWidth="0"
      style={
        Object {
          "color": undefined,
        }
      }
      viewBox="0 0 24 24"
      width={32}
      xmlns="http://www.w3.org/2000/svg"
    >
      <path
        d="M0 0h24v24H0z"
        fill="none"
      />
      <path
        d="M9 11H7v2h2v-2zm4 0h-2v2h2v-2zm4 0h-2v2h2v-2zm2-7h-1V2h-2v2H8V2H6v2H5c-1.11 0-1.99.9-1.99 2L3 20a2 2 0 002 2h14c1.1 0 2-.9 2-2V6c0-1.1-.9-2-2-2zm0 16H5V9h14v11z"
      />
    </svg>
    <div
      className="react-datepicker-wrapper"
    >
      <div
        className="react-datepicker__input-container"
      >
        <input
          className=""
          disabled={false}
          onBlur={[Function]}
          onChange={[Function]}
          onClick={[Function]}
          onFocus={[Function]}
          onKeyDown={[Function]}
          readOnly={false}
          type="text"
          value="08/19/1975"
        />
      </div>
    </div>
  </div>,
]
`;

exports[`DatePick Component With mandatory label matches the snapshot 1`] = `
Array [
  <div
    className="bcgov-input-label"
  >
    <label
      htmlFor="Select date"
    >
      Select date
    </label>
    <span
      className="bcgov-mandatory"
      id="asterisk"
    >
      *
    </span>
    Â 
  </div>,
  <div
    className="bcgov-flex"
  >
    <svg
      className="bcgov-move-right"
      fill="currentColor"
      height={32}
      stroke="currentColor"
      strokeWidth="0"
      style={
        Object {
          "color": undefined,
        }
      }
      viewBox="0 0 24 24"
      width={32}
      xmlns="http://www.w3.org/2000/svg"
    >
      <path
        d="M0 0h24v24H0z"
        fill="none"
      />
      <path
        d="M9 11H7v2h2v-2zm4 0h-2v2h2v-2zm4 0h-2v2h2v-2zm2-7h-1V2h-2v2H8V2H6v2H5c-1.11 0-1.99.9-1.99 2L3 20a2 2 0 002 2h14c1.1 0 2-.9 2-2V6c0-1.1-.9-2-2-2zm0 16H5V9h14v11z"
      />
    </svg>
    <div
      className="react-datepicker-wrapper"
    >
      <div
        className="react-datepicker__input-container"
      >
        <input
          className=""
          disabled={false}
          onBlur={[Function]}
          onChange={[Function]}
          onClick={[Function]}
          onFocus={[Function]}
          onKeyDown={[Function]}
          readOnly={false}
          type="text"
          value="08/19/1975"
        />
      </div>
    </div>
  </div>,
]
`;
